exports[`should execute execute a series with a concurrency limit of 3. 
      The step function will output the expected results on each concurrent step 1`] = `
Array [
  Array [
    1,
    2,
    3,
  ],
  Array [
    1,
    2,
    3,
    4,
    5,
    6,
  ],
  Array [
    1,
    2,
    3,
    4,
    5,
    6,
    7,
    8,
  ],
]
`;
