exports[`execute a series of promises when the count of the promises
      is the same as the concurrency 1`] = `"[{\"state\":\"rejected\",\"result\":1},{\"state\":\"rejected\",\"result\":2},{\"state\":\"rejected\",\"result\":3}]"`;

exports[`seriesSettled default settings will resolve
      three promises one at a time 1`] = `"[{\"state\":\"resolved\",\"result\":1},{\"state\":\"resolved\",\"result\":\"test\"},{\"state\":\"resolved\",\"result\":2}]"`;

exports[`should execute a series of promises when the concurrency is
      larger than the count of the promises 1`] = `"[{\"state\":\"resolved\",\"result\":1},{\"state\":\"resolved\",\"result\":2},{\"state\":\"resolved\",\"result\":3}]"`;

exports[`should execute execute a series with a concurrency limit of 2.
      The step function will output context on each concurrent step.
      Any promise that rejects will not reject the entire series. 1`] = `"[{\"value\":[{\"state\":\"resolved\",\"result\":1},{\"state\":\"resolved\",\"result\":2}],\"current\":1,\"total\":3},{\"value\":[{\"state\":\"resolved\",\"result\":1},{\"state\":\"resolved\",\"result\":2},{\"state\":\"resolved\",\"result\":3},{\"state\":\"rejected\",\"result\":4}],\"current\":2,\"total\":3},{\"value\":[{\"state\":\"resolved\",\"result\":1},{\"state\":\"resolved\",\"result\":2},{\"state\":\"resolved\",\"result\":3},{\"state\":\"rejected\",\"result\":4},{\"state\":\"resolved\",\"result\":5},{\"state\":\"resolved\",\"result\":6}],\"current\":3,\"total\":3}]"`;

exports[`should execute execute a series with a concurrency limit of 2.
      The step function will output context on each concurrent step.
      Any promise that rejects will not reject the entire series. 2`] = `"[{\"state\":\"resolved\",\"result\":1},{\"state\":\"resolved\",\"result\":2},{\"state\":\"resolved\",\"result\":3},{\"state\":\"rejected\",\"result\":4},{\"state\":\"resolved\",\"result\":5},{\"state\":\"resolved\",\"result\":6}]"`;

exports[`should execute promises in series, any promise that rejects
      will not reject the entire series. 1`] = `"[{\"state\":\"rejected\",\"result\":1},{\"state\":\"rejected\",\"result\":2},{\"state\":\"resolved\",\"result\":3},{\"state\":\"rejected\",\"result\":4},{\"state\":\"rejected\",\"result\":5}]"`;

exports[`should execute promises, functions or values together
      whether they reject or resolve 1`] = `"[{"state":"resolved","result":"first value"},{"state":"rejected","result":"second value"},{"state":"resolved","result":3},{"state":"resolved","result":4},{"state":"rejected","result":5},{"state":"resolved","result":6},{"state":"rejected","result":7}]"`;

exports[`should execute synchronous functions and catch the settled
      results, not throwing errors 1`] = `"[{\"state\":\"rejected\",\"result\":\"bs\"},{\"state\":\"resolved\",\"result\":\"reason\"},{\"state\":\"rejected\",\"result\":\"bs\"}]"`;

exports[`should should execute promises with no concurrency limit,
      any promise that rejects will not reject the entire series. 1`] = `"[{\"value\":[{\"state\":\"resolved\",\"result\":1},{\"state\":\"resolved\",\"result\":2},{\"state\":\"rejected\",\"result\":3}],\"current\":1,\"total\":2},{\"value\":[{\"state\":\"resolved\",\"result\":1},{\"state\":\"resolved\",\"result\":2},{\"state\":\"rejected\",\"result\":3},{\"state\":\"resolved\",\"result\":4},{\"state\":\"rejected\",\"result\":5}],\"current\":2,\"total\":2}]"`;

exports[`should should execute promises with no concurrency limit,
      any promise that rejects will not reject the entire series. 2`] = `"[{\"state\":\"resolved\",\"result\":1},{\"state\":\"resolved\",\"result\":2},{\"state\":\"rejected\",\"result\":3},{\"state\":\"resolved\",\"result\":4},{\"state\":\"rejected\",\"result\":5}]"`;
